Time: Sat Apr 25 16:29:46 UTC 2026
               total        used        free      shared  buff/cache   available
Mem:            7803         595        7200           4         166        7207
Swap:           2048           0        2048
Filesystem      Size  Used Avail Use% Mounted on
none            3.9G     0  3.9G   0% /usr/lib/modules/6.6.87.2-microsoft-standard-WSL2
none            3.9G  4.0K  3.9G   1% /mnt/wsl
drivers         453G  170G  284G  38% /usr/lib/wsl/drivers
/dev/sdd       1007G  3.6G  953G   1% /
none            3.9G   76K  3.9G   1% /mnt/wslg
none            3.9G     0  3.9G   0% /usr/lib/wsl/lib
rootfs          3.9G  2.7M  3.9G   1% /init
none            3.9G  872K  3.9G   1% /run
none            3.9G     0  3.9G   0% /run/lock
none            3.9G     0  3.9G   0% /run/shm
none            3.9G   80K  3.9G   1% /mnt/wslg/versions.txt
none            3.9G   80K  3.9G   1% /mnt/wslg/doc
C:\             453G  170G  284G  38% /mnt/c
D:\             500G  2.1G  498G   1% /mnt/d
tmpfs           781M   24K  781M   1% /run/user/1000
snapfuse         50M   50M     0 100% /snap/snapd/26865
snapfuse         67M   67M     0 100% /snap/core24/1587
snapfuse        128K  128K     0 100% /snap/bare/5
snapfuse         92M   92M     0 100% /snap/gtk-common-themes/1535
snapfuse        607M  607M     0 100% /snap/gnome-46-2404/153
snapfuse        395M  395M     0 100% /snap/mesa-2404/1165
snapfuse        275M  275M     0 100% /snap/firefox/8191
-----------------------------
Time: Sat Apr 25 16:29:51 UTC 2026
               total        used        free      shared  buff/cache   available
Mem:            7803         596        7199           4         166        7207
Swap:           2048           0        2048
Filesystem      Size  Used Avail Use% Mounted on
none            3.9G     0  3.9G   0% /usr/lib/modules/6.6.87.2-microsoft-standard-WSL2
none            3.9G  4.0K  3.9G   1% /mnt/wsl
drivers         453G  170G  284G  38% /usr/lib/wsl/drivers
/dev/sdd       1007G  3.6G  953G   1% /
none            3.9G   76K  3.9G   1% /mnt/wslg
none            3.9G     0  3.9G   0% /usr/lib/wsl/lib
rootfs          3.9G  2.7M  3.9G   1% /init
none            3.9G  872K  3.9G   1% /run
none            3.9G     0  3.9G   0% /run/lock
none            3.9G     0  3.9G   0% /run/shm
none            3.9G   80K  3.9G   1% /mnt/wslg/versions.txt
none            3.9G   80K  3.9G   1% /mnt/wslg/doc
C:\             453G  170G  284G  38% /mnt/c
D:\             500G  2.1G  498G   1% /mnt/d
tmpfs           781M   24K  781M   1% /run/user/1000
snapfuse         50M   50M     0 100% /snap/snapd/26865
snapfuse         67M   67M     0 100% /snap/core24/1587
snapfuse        128K  128K     0 100% /snap/bare/5
snapfuse         92M   92M     0 100% /snap/gtk-common-themes/1535
snapfuse        607M  607M     0 100% /snap/gnome-46-2404/153
snapfuse        395M  395M     0 100% /snap/mesa-2404/1165
snapfuse        275M  275M     0 100% /snap/firefox/8191
-----------------------------
Time: Sat Apr 25 16:29:56 UTC 2026
               total        used        free      shared  buff/cache   available
Mem:            7803         597        7198           4         166        7205
Swap:           2048           0        2048
Filesystem      Size  Used Avail Use% Mounted on
none            3.9G     0  3.9G   0% /usr/lib/modules/6.6.87.2-microsoft-standard-WSL2
none            3.9G  4.0K  3.9G   1% /mnt/wsl
drivers         453G  170G  284G  38% /usr/lib/wsl/drivers
/dev/sdd       1007G  3.6G  953G   1% /
none            3.9G   76K  3.9G   1% /mnt/wslg
none            3.9G     0  3.9G   0% /usr/lib/wsl/lib
rootfs          3.9G  2.7M  3.9G   1% /init
none            3.9G  872K  3.9G   1% /run
none            3.9G     0  3.9G   0% /run/lock
none            3.9G     0  3.9G   0% /run/shm
none            3.9G   80K  3.9G   1% /mnt/wslg/versions.txt
none            3.9G   80K  3.9G   1% /mnt/wslg/doc
C:\             453G  170G  284G  38% /mnt/c
D:\             500G  2.1G  498G   1% /mnt/d
tmpfs           781M   24K  781M   1% /run/user/1000
snapfuse         50M   50M     0 100% /snap/snapd/26865
snapfuse         67M   67M     0 100% /snap/core24/1587
snapfuse        128K  128K     0 100% /snap/bare/5
snapfuse         92M   92M     0 100% /snap/gtk-common-themes/1535
snapfuse        607M  607M     0 100% /snap/gnome-46-2404/153
snapfuse        395M  395M     0 100% /snap/mesa-2404/1165
snapfuse        275M  275M     0 100% /snap/firefox/8191
-----------------------------
Time: Sat Apr 25 16:30:01 UTC 2026
               total        used        free      shared  buff/cache   available
Mem:            7803         598        7197           4         166        7204
Swap:           2048           0        2048
Filesystem      Size  Used Avail Use% Mounted on
none            3.9G     0  3.9G   0% /usr/lib/modules/6.6.87.2-microsoft-standard-WSL2
none            3.9G  4.0K  3.9G   1% /mnt/wsl
drivers         453G  170G  284G  38% /usr/lib/wsl/drivers
/dev/sdd       1007G  3.6G  953G   1% /
none            3.9G   76K  3.9G   1% /mnt/wslg
none            3.9G     0  3.9G   0% /usr/lib/wsl/lib
rootfs          3.9G  2.7M  3.9G   1% /init
none            3.9G  872K  3.9G   1% /run
none            3.9G     0  3.9G   0% /run/lock
none            3.9G     0  3.9G   0% /run/shm
none            3.9G   80K  3.9G   1% /mnt/wslg/versions.txt
none            3.9G   80K  3.9G   1% /mnt/wslg/doc
C:\             453G  170G  284G  38% /mnt/c
D:\             500G  2.1G  498G   1% /mnt/d
tmpfs           781M   24K  781M   1% /run/user/1000
snapfuse         50M   50M     0 100% /snap/snapd/26865
snapfuse         67M   67M     0 100% /snap/core24/1587
snapfuse        128K  128K     0 100% /snap/bare/5
snapfuse         92M   92M     0 100% /snap/gtk-common-themes/1535
snapfuse        607M  607M     0 100% /snap/gnome-46-2404/153
snapfuse        395M  395M     0 100% /snap/mesa-2404/1165
snapfuse        275M  275M     0 100% /snap/firefox/8191
-----------------------------
